[35m[1786693124.985998][m info     | [34mUDPv4AgentLinux.cpp[m | [37minit                    [m | [32mrunning...[m             | port: 8888
[35m[1786693124.986284][m info     | [34mRoot.cpp          [m | [37mset_verbose_level       [m | [32mlogger setup[m           | verbose_level: 4
[35m[1786693135.262850][m info     | [34mRoot.cpp          [m | [37mcreate_client           [m | [32mcreate[m                 | client_key: 0x00000001, session_id: 0x81
[35m[1786693135.262906][m info     | [34mSessionManager.hpp[m | [37mestablish_session       [m | [32msession established[m    | client_key: 0x00000001, address: 127.0.0.1:16056
[35m[1786693135.266489][m info     | [34mProxyClient.cpp   [m | [37mcreate_participant      [m | [32mparticipant created[m    | client_key: 0x00000001, participant_id: 0x001(1)
[35m[1786693141.346474][m info     | [34mProxyClient.cpp   [m | [37mcreate_topic            [m | [32mtopic created[m          | client_key: 0x00000001, topic_id: 0x800(2), participant_id: 0x001(1)
[35m[1786693141.346584][m info     | [34mProxyClient.cpp   [m | [37mcreate_subscriber       [m | [32msubscriber created[m     | client_key: 0x00000001, subscriber_id: 0x800(4), participant_id: 0x001(1)
[35m[1786693141.349267][m info     | [34mProxyClient.cpp   [m | [37mcreate_datareader       [m | [32mdatareader created[m     | client_key: 0x00000001, datareader_id: 0x800(6), subscriber_id: 0x800(4)
[35m[1786693141.350253][m info     | [34mProxyClient.cpp   [m | [37mcreate_topic            [m | [32mtopic created[m          | client_key: 0x00000001, topic_id: 0x801(2), participant_id: 0x001(1)
[35m[1786693141.350295][m info     | [34mProxyClient.cpp   [m | [37mcreate_subscriber       [m | [32msubscriber created[m     | client_key: 0x00000001, subscriber_id: 0x801(4), participant_id: 0x001(1)
[35m[1786693141.350678][m info     | [34mProxyClient.cpp   [m | [37mcreate_datareader       [m | [32mdatareader created[m     | client_key: 0x00000001, datareader_id: 0x801(6), subscriber_id: 0x801(4)
[35m[1786693141.350879][m info     | [34mProxyClient.cpp   [m | [37mcreate_topic            [m | [32mtopic created[m          | client_key: 0x00000001, topic_id: 0x802(2), participant_id: 0x001(1)
[35m[1786693141.350915][m info     | [34mProxyClient.cpp   [m | [37mcreate_subscriber       [m | [32msubscriber created[m     | client_key: 0x00000001, subscriber_id: 0x802(4), participant_id: 0x001(1)
[35m[1786693141.351288][m info     | [34mProxyClient.cpp   [m | [37mcreate_datareader       [m | [32mdatareader created[m     | client_key: 0x00000001, datareader_id: 0x802(6), subscriber_id: 0x802(4)
[35m[1786693141.351500][m info     | [34mProxyClient.cpp   [m | [37mcreate_topic            [m | [32mtopic created[m          | client_key: 0x00000001, topic_id: 0x803(2), participant_id: 0x001(1)
[35m[1786693141.351529][m info     | [34mProxyClient.cpp   [m | [37mcreate_subscriber       [m | [32msubscriber created[m     | client_key: 0x00000001, subscriber_id: 0x803(4), participant_id: 0x001(1)
[35m[1786693141.351937][m info     | [34mProxyClient.cpp   [m | [37mcreate_datareader       [m | [32mdatareader created[m     | client_key: 0x00000001, datareader_id: 0x803(6), subscriber_id: 0x803(4)
[35m[1786693141.352193][m info     | [34mProxyClient.cpp   [m | [37mcreate_topic            [m | [32mtopic created[m          | client_key: 0x00000001, topic_id: 0x804(2), participant_id: 0x001(1)
[35m[1786693141.352250][m info     | [34mProxyClient.cpp   [m | [37mcreate_subscriber       [m | [32msubscriber created[m     | client_key: 0x00000001, subscriber_id: 0x804(4), participant_id: 0x001(1)
[35m[1786693141.352576][m info     | [34mProxyClient.cpp   [m | [37mcreate_datareader       [m | [32mdatareader created[m     | client_key: 0x00000001, datareader_id: 0x804(6), subscriber_id: 0x804(4)
[35m[1786693141.352771][m info     | [34mProxyClient.cpp   [m | [37mcreate_topic            [m | [32mtopic created[m          | client_key: 0x00000001, topic_id: 0x805(2), participant_id: 0x001(1)
[35m[1786693141.352823][m info     | [34mProxyClient.cpp   [m | [37mcreate_subscriber       [m | [32msubscriber created[m     | client_key: 0x00000001, subscriber_id: 0x805(4), participant_id: 0x001(1)
[35m[1786693141.353168][m info     | [34mProxyClient.cpp   [m | [37mcreate_datareader       [m | [32mdatareader created[m     | client_key: 0x00000001, datareader_id: 0x805(6), subscriber_id: 0x805(4)
[35m[1786693141.353495][m info     | [34mProxyClient.cpp   [m | [37mcreate_topic            [m | [32mtopic created[m          | client_key: 0x00000001, topic_id: 0x806(2), participant_id: 0x001(1)
[35m[1786693141.353536][m info     | [34mProxyClient.cpp   [m | [37mcreate_subscriber       [m | [32msubscriber created[m     | client_key: 0x00000001, subscriber_id: 0x806(4), participant_id: 0x001(1)
[35m[1786693141.353893][m info     | [34mProxyClient.cpp   [m | [37mcreate_datareader       [m | [32mdatareader created[m     | client_key: 0x00000001, datareader_id: 0x806(6), subscriber_id: 0x806(4)
[35m[1786693141.354223][m info     | [34mProxyClient.cpp   [m | [37mcreate_topic            [m | [32mtopic created[m          | client_key: 0x00000001, topic_id: 0x807(2), participant_id: 0x001(1)
[35m[1786693141.354308][m info     | [34mProxyClient.cpp   [m | [37mcreate_subscriber       [m | [32msubscriber created[m     | client_key: 0x00000001, subscriber_id: 0x807(4), participant_id: 0x001(1)
[35m[1786693141.354618][m info     | [34mProxyClient.cpp   [m | [37mcreate_datareader       [m | [32mdatareader created[m     | client_key: 0x00000001, datareader_id: 0x807(6), subscriber_id: 0x807(4)
[35m[1786693141.354820][m info     | [34mProxyClient.cpp   [m | [37mcreate_topic            [m | [32mtopic created[m          | client_key: 0x00000001, topic_id: 0x808(2), participant_id: 0x001(1)
[35m[1786693141.354852][m info     | [34mProxyClient.cpp   [m | [37mcreate_subscriber       [m | [32msubscriber created[m     | client_key: 0x00000001, subscriber_id: 0x808(4), participant_id: 0x001(1)
[35m[1786693141.355238][m info     | [34mProxyClient.cpp   [m | [37mcreate_datareader       [m | [32mdatareader created[m     | client_key: 0x00000001, datareader_id: 0x808(6), subscriber_id: 0x808(4)
[35m[1786693141.355448][m info     | [34mProxyClient.cpp   [m | [37mcreate_topic            [m | [32mtopic created[m          | client_key: 0x00000001, topic_id: 0x809(2), participant_id: 0x001(1)
[35m[1786693141.355484][m info     | [34mProxyClient.cpp   [m | [37mcreate_subscriber       [m | [32msubscriber created[m     | client_key: 0x00000001, subscriber_id: 0x809(4), participant_id: 0x001(1)
[35m[1786693141.355797][m info     | [34mProxyClient.cpp   [m | [37mcreate_datareader       [m | [32mdatareader created[m     | client_key: 0x00000001, datareader_id: 0x809(6), subscriber_id: 0x809(4)
[35m[1786693141.356003][m info     | [34mProxyClient.cpp   [m | [37mcreate_topic            [m | [32mtopic created[m          | client_key: 0x00000001, topic_id: 0x80A(2), participant_id: 0x001(1)
[35m[1786693141.356052][m info     | [34mProxyClient.cpp   [m | [37mcreate_subscriber       [m | [32msubscriber created[m     | client_key: 0x00000001, subscriber_id: 0x80A(4), participant_id: 0x001(1)
[35m[1786693141.356390][m info     | [34mProxyClient.cpp   [m | [37mcreate_datareader       [m | [32mdatareader created[m     | client_key: 0x00000001, datareader_id: 0x80A(6), subscriber_id: 0x80A(4)
[35m[1786693141.356585][m info     | [34mProxyClient.cpp   [m | [37mcreate_topic            [m | [32mtopic created[m          | client_key: 0x00000001, topic_id: 0x80B(2), participant_id: 0x001(1)
[35m[1786693141.356633][m info     | [34mProxyClient.cpp   [m | [37mcreate_subscriber       [m | [32msubscriber created[m     | client_key: 0x00000001, subscriber_id: 0x80B(4), participant_id: 0x001(1)
[35m[1786693141.356947][m info     | [34mProxyClient.cpp   [m | [37mcreate_datareader       [m | [32mdatareader created[m     | client_key: 0x00000001, datareader_id: 0x80B(6), subscriber_id: 0x80B(4)
[35m[1786693141.357181][m info     | [34mProxyClient.cpp   [m | [37mcreate_topic            [m | [32mtopic created[m          | client_key: 0x00000001, topic_id: 0x80C(2), participant_id: 0x001(1)
[35m[1786693141.357226][m info     | [34mProxyClient.cpp   [m | [37mcreate_subscriber       [m | [32msubscriber created[m     | client_key: 0x00000001, subscriber_id: 0x80C(4), participant_id: 0x001(1)
[35m[1786693141.357587][m info     | [34mProxyClient.cpp   [m | [37mcreate_datareader       [m | [32mdatareader created[m     | client_key: 0x00000001, datareader_id: 0x80C(6), subscriber_id: 0x80C(4)
[35m[1786693141.357994][m info     | [34mProxyClient.cpp   [m | [37mcreate_topic            [m | [32mtopic created[m          | client_key: 0x00000001, topic_id: 0x80D(2), participant_id: 0x001(1)
[35m[1786693141.358029][m info     | [34mProxyClient.cpp   [m | [37mcreate_subscriber       [m | [32msubscriber created[m     | client_key: 0x00000001, subscriber_id: 0x80D(4), participant_id: 0x001(1)
[35m[1786693141.358651][m info     | [34mProxyClient.cpp   [m | [37mcreate_datareader       [m | [32mdatareader created[m     | client_key: 0x00000001, datareader_id: 0x80D(6), subscriber_id: 0x80D(4)
[35m[1786693141.358847][m info     | [34mProxyClient.cpp   [m | [37mcreate_topic            [m | [32mtopic created[m          | client_key: 0x00000001, topic_id: 0x80E(2), participant_id: 0x001(1)
[35m[1786693141.358873][m info     | [34mProxyClient.cpp   [m | [37mcreate_subscriber       [m | [32msubscriber created[m     | client_key: 0x00000001, subscriber_id: 0x80E(4), participant_id: 0x001(1)
[35m[1786693141.359194][m info     | [34mProxyClient.cpp   [m | [37mcreate_datareader       [m | [32mdatareader created[m     | client_key: 0x00000001, datareader_id: 0x80E(6), subscriber_id: 0x80E(4)
[35m[1786693141.359437][m info     | [34mProxyClient.cpp   [m | [37mcreate_topic            [m | [32mtopic created[m          | client_key: 0x00000001, topic_id: 0x80F(2), participant_id: 0x001(1)
[35m[1786693141.359514][m info     | [34mProxyClient.cpp   [m | [37mcreate_subscriber       [m | [32msubscriber created[m     | client_key: 0x00000001, subscriber_id: 0x80F(4), participant_id: 0x001(1)
[35m[1786693141.359870][m info     | [34mProxyClient.cpp   [m | [37mcreate_datareader       [m | [32mdatareader created[m     | client_key: 0x00000001, datareader_id: 0x80F(6), subscriber_id: 0x80F(4)
[35m[1786693141.360138][m info     | [34mProxyClient.cpp   [m | [37mcreate_topic            [m | [32mtopic created[m          | client_key: 0x00000001, topic_id: 0x810(2), participant_id: 0x001(1)
[35m[1786693141.360193][m info     | [34mProxyClient.cpp   [m | [37mcreate_subscriber       [m | [32msubscriber created[m     | client_key: 0x00000001, subscriber_id: 0x810(4), participant_id: 0x001(1)
[35m[1786693141.360515][m info     | [34mProxyClient.cpp   [m | [37mcreate_datareader       [m | [32mdatareader created[m     | client_key: 0x00000001, datareader_id: 0x810(6), subscriber_id: 0x810(4)
[35m[1786693141.360703][m info     | [34mProxyClient.cpp   [m | [37mcreate_topic            [m | [32mtopic created[m          | client_key: 0x00000001, topic_id: 0x811(2), participant_id: 0x001(1)
[35m[1786693141.360753][m info     | [34mProxyClient.cpp   [m | [37mcreate_subscriber       [m | [32msubscriber created[m     | client_key: 0x00000001, subscriber_id: 0x811(4), participant_id: 0x001(1)
[35m[1786693141.361067][m info     | [34mProxyClient.cpp   [m | [37mcreate_datareader       [m | [32mdatareader created[m     | client_key: 0x00000001, datareader_id: 0x811(6), subscriber_id: 0x811(4)
[35m[1786693141.361331][m info     | [34mProxyClient.cpp   [m | [37mcreate_topic            [m | [32mtopic created[m          | client_key: 0x00000001, topic_id: 0x812(2), participant_id: 0x001(1)
[35m[1786693141.361366][m info     | [34mProxyClient.cpp   [m | [37mcreate_subscriber       [m | [32msubscriber created[m     | client_key: 0x00000001, subscriber_id: 0x812(4), participant_id: 0x001(1)
[35m[1786693141.362076][m info     | [34mProxyClient.cpp   [m | [37mcreate_datareader       [m | [32mdatareader created[m     | client_key: 0x00000001, datareader_id: 0x812(6), subscriber_id: 0x812(4)
[35m[1786693141.362402][m info     | [34mProxyClient.cpp   [m | [37mcreate_topic            [m | [32mtopic created[m          | client_key: 0x00000001, topic_id: 0x813(2), participant_id: 0x001(1)
[35m[1786693141.362443][m info     | [34mProxyClient.cpp   [m | [37mcreate_subscriber       [m | [32msubscriber created[m     | client_key: 0x00000001, subscriber_id: 0x813(4), participant_id: 0x001(1)
[35m[1786693141.362789][m info     | [34mProxyClient.cpp   [m | [37mcreate_datareader       [m | [32mdatareader created[m     | client_key: 0x00000001, datareader_id: 0x813(6), subscriber_id: 0x813(4)
[35m[1786693141.362969][m info     | [34mProxyClient.cpp   [m | [37mcreate_topic            [m | [32mtopic created[m          | client_key: 0x00000001, topic_id: 0x814(2), participant_id: 0x001(1)
[35m[1786693141.363015][m info     | [34mProxyClient.cpp   [m | [37mcreate_subscriber       [m | [32msubscriber created[m     | client_key: 0x00000001, subscriber_id: 0x814(4), participant_id: 0x001(1)
[35m[1786693141.363359][m info     | [34mProxyClient.cpp   [m | [37mcreate_datareader       [m | [32mdatareader created[m     | client_key: 0x00000001, datareader_id: 0x814(6), subscriber_id: 0x814(4)
[35m[1786693141.363552][m info     | [34mProxyClient.cpp   [m | [37mcreate_topic            [m | [32mtopic created[m          | client_key: 0x00000001, topic_id: 0x815(2), participant_id: 0x001(1)
[35m[1786693141.363584][m info     | [34mProxyClient.cpp   [m | [37mcreate_subscriber       [m | [32msubscriber created[m     | client_key: 0x00000001, subscriber_id: 0x815(4), participant_id: 0x001(1)
[35m[1786693141.363904][m info     | [34mProxyClient.cpp   [m | [37mcreate_datareader       [m | [32mdatareader created[m     | client_key: 0x00000001, datareader_id: 0x815(6), subscriber_id: 0x815(4)
[35m[1786693141.364093][m info     | [34mProxyClient.cpp   [m | [37mcreate_topic            [m | [32mtopic created[m          | client_key: 0x00000001, topic_id: 0x816(2), participant_id: 0x001(1)
[35m[1786693141.364150][m info     | [34mProxyClient.cpp   [m | [37mcreate_subscriber       [m | [32msubscriber created[m     | client_key: 0x00000001, subscriber_id: 0x816(4), participant_id: 0x001(1)
[35m[1786693141.364468][m info     | [34mProxyClient.cpp   [m | [37mcreate_datareader       [m | [32mdatareader created[m     | client_key: 0x00000001, datareader_id: 0x816(6), subscriber_id: 0x816(4)
[35m[1786693141.364663][m info     | [34mProxyClient.cpp   [m | [37mcreate_topic            [m | [32mtopic created[m          | client_key: 0x00000001, topic_id: 0x817(2), participant_id: 0x001(1)
[35m[1786693141.364695][m info     | [34mProxyClient.cpp   [m | [37mcreate_subscriber       [m | [32msubscriber created[m     | client_key: 0x00000001, subscriber_id: 0x817(4), participant_id: 0x001(1)
[35m[1786693141.365014][m info     | [34mProxyClient.cpp   [m | [37mcreate_datareader       [m | [32mdatareader created[m     | client_key: 0x00000001, datareader_id: 0x817(6), subscriber_id: 0x817(4)
[35m[1786693141.365220][m info     | [34mProxyClient.cpp   [m | [37mcreate_topic            [m | [32mtopic created[m          | client_key: 0x00000001, topic_id: 0x818(2), participant_id: 0x001(1)
[35m[1786693141.365276][m info     | [34mProxyClient.cpp   [m | [37mcreate_subscriber       [m | [32msubscriber created[m     | client_key: 0x00000001, subscriber_id: 0x818(4), participant_id: 0x001(1)
[35m[1786693141.365919][m info     | [34mProxyClient.cpp   [m | [37mcreate_datareader       [m | [32mdatareader created[m     | client_key: 0x00000001, datareader_id: 0x818(6), subscriber_id: 0x818(4)
[35m[1786693141.366167][m info     | [34mProxyClient.cpp   [m | [37mcreate_topic            [m | [32mtopic created[m          | client_key: 0x00000001, topic_id: 0x819(2), participant_id: 0x001(1)
[35m[1786693141.366216][m info     | [34mProxyClient.cpp   [m | [37mcreate_subscriber       [m | [32msubscriber created[m     | client_key: 0x00000001, subscriber_id: 0x819(4), participant_id: 0x001(1)
[35m[1786693141.366558][m info     | [34mProxyClient.cpp   [m | [37mcreate_datareader       [m | [32mdatareader created[m     | client_key: 0x00000001, datareader_id: 0x819(6), subscriber_id: 0x819(4)
[35m[1786693141.366860][m info     | [34mProxyClient.cpp   [m | [37mcreate_topic            [m | [32mtopic created[m          | client_key: 0x00000001, topic_id: 0x81A(2), participant_id: 0x001(1)
[35m[1786693141.366899][m info     | [34mProxyClient.cpp   [m | [37mcreate_subscriber       [m | [32msubscriber created[m     | client_key: 0x00000001, subscriber_id: 0x81A(4), participant_id: 0x001(1)
[35m[1786693141.367230][m info     | [34mProxyClient.cpp   [m | [37mcreate_datareader       [m | [32mdatareader created[m     | client_key: 0x00000001, datareader_id: 0x81A(6), subscriber_id: 0x81A(4)
[35m[1786693141.367418][m info     | [34mProxyClient.cpp   [m | [37mcreate_topic            [m | [32mtopic created[m          | client_key: 0x00000001, topic_id: 0x81B(2), participant_id: 0x001(1)
[35m[1786693141.367445][m info     | [34mProxyClient.cpp   [m | [37mcreate_subscriber       [m | [32msubscriber created[m     | client_key: 0x00000001, subscriber_id: 0x81B(4), participant_id: 0x001(1)
[35m[1786693141.367766][m info     | [34mProxyClient.cpp   [m | [37mcreate_datareader       [m | [32mdatareader created[m     | client_key: 0x00000001, datareader_id: 0x81B(6), subscriber_id: 0x81B(4)
[35m[1786693141.367937][m info     | [34mProxyClient.cpp   [m | [37mcreate_topic            [m | [32mtopic created[m          | client_key: 0x00000001, topic_id: 0x81C(2), participant_id: 0x001(1)
[35m[1786693141.367961][m info     | [34mProxyClient.cpp   [m | [37mcreate_subscriber       [m | [32msubscriber created[m     | client_key: 0x00000001, subscriber_id: 0x81C(4), participant_id: 0x001(1)
[35m[1786693141.368286][m info     | [34mProxyClient.cpp   [m | [37mcreate_datareader       [m | [32mdatareader created[m     | client_key: 0x00000001, datareader_id: 0x81C(6), subscriber_id: 0x81C(4)
[35m[1786693141.368456][m info     | [34mProxyClient.cpp   [m | [37mcreate_topic            [m | [32mtopic created[m          | client_key: 0x00000001, topic_id: 0x81D(2), participant_id: 0x001(1)
[35m[1786693141.368493][m info     | [34mProxyClient.cpp   [m | [37mcreate_subscriber       [m | [32msubscriber created[m     | client_key: 0x00000001, subscriber_id: 0x81D(4), participant_id: 0x001(1)
[35m[1786693141.368818][m info     | [34mProxyClient.cpp   [m | [37mcreate_datareader       [m | [32mdatareader created[m     | client_key: 0x00000001, datareader_id: 0x81D(6), subscriber_id: 0x81D(4)
[35m[1786693141.368986][m info     | [34mProxyClient.cpp   [m | [37mcreate_topic            [m | [32mtopic created[m          | client_key: 0x00000001, topic_id: 0x81E(2), participant_id: 0x001(1)
[35m[1786693141.369010][m info     | [34mProxyClient.cpp   [m | [37mcreate_subscriber       [m | [32msubscriber created[m     | client_key: 0x00000001, subscriber_id: 0x81E(4), participant_id: 0x001(1)
[35m[1786693141.369419][m info     | [34mProxyClient.cpp   [m | [37mcreate_datareader       [m | [32mdatareader created[m     | client_key: 0x00000001, datareader_id: 0x81E(6), subscriber_id: 0x81E(4)
[35m[1786693141.369991][m info     | [34mProxyClient.cpp   [m | [37mcreate_topic            [m | [32mtopic created[m          | client_key: 0x00000001, topic_id: 0x81F(2), participant_id: 0x001(1)
[35m[1786693141.370027][m info     | [34mProxyClient.cpp   [m | [37mcreate_subscriber       [m | [32msubscriber created[m     | client_key: 0x00000001, subscriber_id: 0x81F(4), participant_id: 0x001(1)
[35m[1786693141.370479][m info     | [34mProxyClient.cpp   [m | [37mcreate_datareader       [m | [32mdatareader created[m     | client_key: 0x00000001, datareader_id: 0x81F(6), subscriber_id: 0x81F(4)
[35m[1786693141.370801][m info     | [34mProxyClient.cpp   [m | [37mcreate_topic            [m | [32mtopic created[m          | client_key: 0x00000001, topic_id: 0x820(2), participant_id: 0x001(1)
[35m[1786693141.370827][m info     | [34mProxyClient.cpp   [m | [37mcreate_subscriber       [m | [32msubscriber created[m     | client_key: 0x00000001, subscriber_id: 0x820(4), participant_id: 0x001(1)
[35m[1786693141.371142][m info     | [34mProxyClient.cpp   [m | [37mcreate_datareader       [m | [32mdatareader created[m     | client_key: 0x00000001, datareader_id: 0x820(6), subscriber_id: 0x820(4)
[35m[1786693141.371364][m info     | [34mProxyClient.cpp   [m | [37mcreate_topic            [m | [32mtopic created[m          | client_key: 0x00000001, topic_id: 0x821(2), participant_id: 0x001(1)
[35m[1786693141.371395][m info     | [34mProxyClient.cpp   [m | [37mcreate_subscriber       [m | [32msubscriber created[m     | client_key: 0x00000001, subscriber_id: 0x821(4), participant_id: 0x001(1)
[35m[1786693141.371691][m info     | [34mProxyClient.cpp   [m | [37mcreate_datareader       [m | [32mdatareader created[m     | client_key: 0x00000001, datareader_id: 0x821(6), subscriber_id: 0x821(4)
[35m[1786693141.371859][m info     | [34mProxyClient.cpp   [m | [37mcreate_topic            [m | [32mtopic created[m          | client_key: 0x00000001, topic_id: 0x822(2), participant_id: 0x001(1)
[35m[1786693141.371893][m info     | [34mProxyClient.cpp   [m | [37mcreate_subscriber       [m | [32msubscriber created[m     | client_key: 0x00000001, subscriber_id: 0x822(4), participant_id: 0x001(1)
[35m[1786693141.372212][m info     | [34mProxyClient.cpp   [m | [37mcreate_datareader       [m | [32mdatareader created[m     | client_key: 0x00000001, datareader_id: 0x822(6), subscriber_id: 0x822(4)
[35m[1786693141.372402][m info     | [34mProxyClient.cpp   [m | [37mcreate_topic            [m | [32mtopic created[m          | client_key: 0x00000001, topic_id: 0x823(2), participant_id: 0x001(1)
[35m[1786693141.372426][m info     | [34mProxyClient.cpp   [m | [37mcreate_subscriber       [m | [32msubscriber created[m     | client_key: 0x00000001, subscriber_id: 0x823(4), participant_id: 0x001(1)
[35m[1786693141.372730][m info     | [34mProxyClient.cpp   [m | [37mcreate_datareader       [m | [32mdatareader created[m     | client_key: 0x00000001, datareader_id: 0x823(6), subscriber_id: 0x823(4)
[35m[1786693141.372898][m info     | [34mProxyClient.cpp   [m | [37mcreate_topic            [m | [32mtopic created[m          | client_key: 0x00000001, topic_id: 0x824(2), participant_id: 0x001(1)
[35m[1786693141.372922][m info     | [34mProxyClient.cpp   [m | [37mcreate_subscriber       [m | [32msubscriber created[m     | client_key: 0x00000001, subscriber_id: 0x824(4), participant_id: 0x001(1)
[35m[1786693141.373312][m info     | [34mProxyClient.cpp   [m | [37mcreate_datareader       [m | [32mdatareader created[m     | client_key: 0x00000001, datareader_id: 0x824(6), subscriber_id: 0x824(4)
[35m[1786693141.373790][m info     | [34mProxyClient.cpp   [m | [37mcreate_topic            [m | [32mtopic created[m          | client_key: 0x00000001, topic_id: 0x825(2), participant_id: 0x001(1)
[35m[1786693141.373828][m info     | [34mProxyClient.cpp   [m | [37mcreate_subscriber       [m | [32msubscriber created[m     | client_key: 0x00000001, subscriber_id: 0x825(4), participant_id: 0x001(1)
[35m[1786693141.374502][m info     | [34mProxyClient.cpp   [m | [37mcreate_datareader       [m | [32mdatareader created[m     | client_key: 0x00000001, datareader_id: 0x825(6), subscriber_id: 0x825(4)
[35m[1786693141.374771][m info     | [34mProxyClient.cpp   [m | [37mcreate_topic            [m | [32mtopic created[m          | client_key: 0x00000001, topic_id: 0x0CD(2), participant_id: 0x001(1)
[35m[1786693141.374837][m info     | [34mProxyClient.cpp   [m | [37mcreate_publisher        [m | [32mpublisher created[m      | client_key: 0x00000001, publisher_id: 0x0CD(3), participant_id: 0x001(1)
[35m[1786693141.375163][m info     | [34mProxyClient.cpp   [m | [37mcreate_datawriter       [m | [32mdatawriter created[m     | client_key: 0x00000001, datawriter_id: 0x0CD(5), publisher_id: 0x0CD(3)
[35m[1786693141.376259][m info     | [34mProxyClient.cpp   [m | [37mcreate_topic            [m | [32mtopic created[m          | client_key: 0x00000001, topic_id: 0x010(2), participant_id: 0x001(1)
[35m[1786693141.376301][m info     | [34mProxyClient.cpp   [m | [37mcreate_publisher        [m | [32mpublisher created[m      | client_key: 0x00000001, publisher_id: 0x010(3), participant_id: 0x001(1)
[35m[1786693141.376464][m info     | [34mProxyClient.cpp   [m | [37mcreate_datawriter       [m | [32mdatawriter created[m     | client_key: 0x00000001, datawriter_id: 0x010(5), publisher_id: 0x010(3)
[35m[1786693141.378365][m info     | [34mProxyClient.cpp   [m | [37mcreate_topic            [m | [32mtopic created[m          | client_key: 0x00000001, topic_id: 0x09D(2), participant_id: 0x001(1)
[35m[1786693141.378395][m info     | [34mProxyClient.cpp   [m | [37mcreate_publisher        [m | [32mpublisher created[m      | client_key: 0x00000001, publisher_id: 0x09D(3), participant_id: 0x001(1)
[35m[1786693141.378563][m info     | [34mProxyClient.cpp   [m | [37mcreate_datawriter       [m | [32mdatawriter created[m     | client_key: 0x00000001, datawriter_id: 0x09D(5), publisher_id: 0x09D(3)
[35m[1786693141.379400][m info     | [34mProxyClient.cpp   [m | [37mcreate_topic            [m | [32mtopic created[m          | client_key: 0x00000001, topic_id: 0x014(2), participant_id: 0x001(1)
[35m[1786693141.379443][m info     | [34mProxyClient.cpp   [m | [37mcreate_publisher        [m | [32mpublisher created[m      | client_key: 0x00000001, publisher_id: 0x014(3), participant_id: 0x001(1)
[35m[1786693141.379617][m info     | [34mProxyClient.cpp   [m | [37mcreate_datawriter       [m | [32mdatawriter created[m     | client_key: 0x00000001, datawriter_id: 0x014(5), publisher_id: 0x014(3)
[35m[1786693141.379829][m info     | [34mProxyClient.cpp   [m | [37mcreate_topic            [m | [32mtopic created[m          | client_key: 0x00000001, topic_id: 0x01B(2), participant_id: 0x001(1)
[35m[1786693141.379856][m info     | [34mProxyClient.cpp   [m | [37mcreate_publisher        [m | [32mpublisher created[m      | client_key: 0x00000001, publisher_id: 0x01B(3), participant_id: 0x001(1)
[35m[1786693141.380001][m info     | [34mProxyClient.cpp   [m | [37mcreate_datawriter       [m | [32mdatawriter created[m     | client_key: 0x00000001, datawriter_id: 0x01B(5), publisher_id: 0x01B(3)
[35m[1786693141.380151][m info     | [34mProxyClient.cpp   [m | [37mcreate_topic            [m | [32mtopic created[m          | client_key: 0x00000001, topic_id: 0x055(2), participant_id: 0x001(1)
[35m[1786693141.380186][m info     | [34mProxyClient.cpp   [m | [37mcreate_publisher        [m | [32mpublisher created[m      | client_key: 0x00000001, publisher_id: 0x055(3), participant_id: 0x001(1)
[35m[1786693141.380336][m info     | [34mProxyClient.cpp   [m | [37mcreate_datawriter       [m | [32mdatawriter created[m     | client_key: 0x00000001, datawriter_id: 0x055(5), publisher_id: 0x055(3)
[35m[1786693141.380488][m info     | [34mProxyClient.cpp   [m | [37mcreate_topic            [m | [32mtopic created[m          | client_key: 0x00000001, topic_id: 0x05B(2), participant_id: 0x001(1)
[35m[1786693141.380508][m info     | [34mProxyClient.cpp   [m | [37mcreate_publisher        [m | [32mpublisher created[m      | client_key: 0x00000001, publisher_id: 0x05B(3), participant_id: 0x001(1)
[35m[1786693141.380663][m info     | [34mProxyClient.cpp   [m | [37mcreate_datawriter       [m | [32mdatawriter created[m     | client_key: 0x00000001, datawriter_id: 0x05B(5), publisher_id: 0x05B(3)
[35m[1786693141.380793][m info     | [34mProxyClient.cpp   [m | [37mcreate_topic            [m | [32mtopic created[m          | client_key: 0x00000001, topic_id: 0x094(2), participant_id: 0x001(1)
[35m[1786693141.380825][m info     | [34mProxyClient.cpp   [m | [37mcreate_publisher        [m | [32mpublisher created[m      | client_key: 0x00000001, publisher_id: 0x094(3), participant_id: 0x001(1)
[35m[1786693141.380979][m info     | [34mProxyClient.cpp   [m | [37mcreate_datawriter       [m | [32mdatawriter created[m     | client_key: 0x00000001, datawriter_id: 0x094(5), publisher_id: 0x094(3)
[35m[1786693141.381678][m info     | [34mProxyClient.cpp   [m | [37mcreate_topic            [m | [32mtopic created[m          | client_key: 0x00000001, topic_id: 0x09A(2), participant_id: 0x001(1)
[35m[1786693141.381715][m info     | [34mProxyClient.cpp   [m | [37mcreate_publisher        [m | [32mpublisher created[m      | client_key: 0x00000001, publisher_id: 0x09A(3), participant_id: 0x001(1)
[35m[1786693141.381875][m info     | [34mProxyClient.cpp   [m | [37mcreate_datawriter       [m | [32mdatawriter created[m     | client_key: 0x00000001, datawriter_id: 0x09A(5), publisher_id: 0x09A(3)
[35m[1786693141.382310][m info     | [34mProxyClient.cpp   [m | [37mcreate_topic            [m | [32mtopic created[m          | client_key: 0x00000001, topic_id: 0x0C0(2), participant_id: 0x001(1)
[35m[1786693141.382365][m info     | [34mProxyClient.cpp   [m | [37mcreate_publisher        [m | [32mpublisher created[m      | client_key: 0x00000001, publisher_id: 0x0C0(3), participant_id: 0x001(1)
[35m[1786693141.382525][m info     | [34mProxyClient.cpp   [m | [37mcreate_datawriter       [m | [32mdatawriter created[m     | client_key: 0x00000001, datawriter_id: 0x0C0(5), publisher_id: 0x0C0(3)
[35m[1786693141.384308][m info     | [34mProxyClient.cpp   [m | [37mcreate_topic            [m | [32mtopic created[m          | client_key: 0x00000001, topic_id: 0x0E1(2), participant_id: 0x001(1)
[35m[1786693141.384341][m info     | [34mProxyClient.cpp   [m | [37mcreate_publisher        [m | [32mpublisher created[m      | client_key: 0x00000001, publisher_id: 0x0E1(3), participant_id: 0x001(1)
[35m[1786693141.384498][m info     | [34mProxyClient.cpp   [m | [37mcreate_datawriter       [m | [32mdatawriter created[m     | client_key: 0x00000001, datawriter_id: 0x0E1(5), publisher_id: 0x0E1(3)
[35m[1786693141.384690][m info     | [34mProxyClient.cpp   [m | [37mcreate_topic            [m | [32mtopic created[m          | client_key: 0x00000001, topic_id: 0x0F9(2), participant_id: 0x001(1)
[35m[1786693141.384713][m info     | [34mProxyClient.cpp   [m | [37mcreate_publisher        [m | [32mpublisher created[m      | client_key: 0x00000001, publisher_id: 0x0F9(3), participant_id: 0x001(1)
[35m[1786693141.384862][m info     | [34mProxyClient.cpp   [m | [37mcreate_datawriter       [m | [32mdatawriter created[m     | client_key: 0x00000001, datawriter_id: 0x0F9(5), publisher_id: 0x0F9(3)
[35m[1786693141.385024][m info     | [34mProxyClient.cpp   [m | [37mcreate_topic            [m | [32mtopic created[m          | client_key: 0x00000001, topic_id: 0x0FC(2), participant_id: 0x001(1)
[35m[1786693141.385059][m info     | [34mProxyClient.cpp   [m | [37mcreate_publisher        [m | [32mpublisher created[m      | client_key: 0x00000001, publisher_id: 0x0FC(3), participant_id: 0x001(1)
[35m[1786693141.385223][m info     | [34mProxyClient.cpp   [m | [37mcreate_datawriter       [m | [32mdatawriter created[m     | client_key: 0x00000001, datawriter_id: 0x0FC(5), publisher_id: 0x0FC(3)
[35m[1786693141.386253][m info     | [34mProxyClient.cpp   [m | [37mcreate_topic            [m | [32mtopic created[m          | client_key: 0x00000001, topic_id: 0x115(2), participant_id: 0x001(1)
[35m[1786693141.386294][m info     | [34mProxyClient.cpp   [m | [37mcreate_publisher        [m | [32mpublisher created[m      | client_key: 0x00000001, publisher_id: 0x115(3), participant_id: 0x001(1)
[35m[1786693141.386453][m info     | [34mProxyClient.cpp   [m | [37mcreate_datawriter       [m | [32mdatawriter created[m     | client_key: 0x00000001, datawriter_id: 0x115(5), publisher_id: 0x115(3)
[35m[1786693141.386657][m info     | [34mProxyClient.cpp   [m | [37mcreate_topic            [m | [32mtopic created[m          | client_key: 0x00000001, topic_id: 0x108(2), participant_id: 0x001(1)
[35m[1786693141.386706][m info     | [34mProxyClient.cpp   [m | [37mcreate_publisher        [m | [32mpublisher created[m      | client_key: 0x00000001, publisher_id: 0x108(3), participant_id: 0x001(1)
[35m[1786693141.386902][m info     | [34mProxyClient.cpp   [m | [37mcreate_datawriter       [m | [32mdatawriter created[m     | client_key: 0x00000001, datawriter_id: 0x108(5), publisher_id: 0x108(3)
[35m[1786693141.389251][m info     | [34mProxyClient.cpp   [m | [37mcreate_topic            [m | [32mtopic created[m          | client_key: 0x00000001, topic_id: 0x10F(2), participant_id: 0x001(1)
[35m[1786693141.389287][m info     | [34mProxyClient.cpp   [m | [37mcreate_publisher        [m | [32mpublisher created[m      | client_key: 0x00000001, publisher_id: 0x10F(3), participant_id: 0x001(1)
[35m[1786693141.389441][m info     | [34mProxyClient.cpp   [m | [37mcreate_datawriter       [m | [32mdatawriter created[m     | client_key: 0x00000001, datawriter_id: 0x10F(5), publisher_id: 0x10F(3)
[35m[1786693141.389777][m info     | [34mProxyClient.cpp   [m | [37mcreate_topic            [m | [32mtopic created[m          | client_key: 0x00000001, topic_id: 0x10C(2), participant_id: 0x001(1)
[35m[1786693141.389822][m info     | [34mProxyClient.cpp   [m | [37mcreate_publisher        [m | [32mpublisher created[m      | client_key: 0x00000001, publisher_id: 0x10C(3), participant_id: 0x001(1)
[35m[1786693141.389999][m info     | [34mProxyClient.cpp   [m | [37mcreate_datawriter       [m | [32mdatawriter created[m     | client_key: 0x00000001, datawriter_id: 0x10C(5), publisher_id: 0x10C(3)
[35m[1786693141.390567][m info     | [34mProxyClient.cpp   [m | [37mcreate_topic            [m | [32mtopic created[m          | client_key: 0x00000001, topic_id: 0x110(2), participant_id: 0x001(1)
[35m[1786693141.390598][m info     | [34mProxyClient.cpp   [m | [37mcreate_publisher        [m | [32mpublisher created[m      | client_key: 0x00000001, publisher_id: 0x110(3), participant_id: 0x001(1)
[35m[1786693141.390774][m info     | [34mProxyClient.cpp   [m | [37mcreate_datawriter       [m | [32mdatawriter created[m     | client_key: 0x00000001, datawriter_id: 0x110(5), publisher_id: 0x110(3)
[35m[1786693141.390913][m info     | [34mProxyClient.cpp   [m | [37mcreate_topic            [m | [32mtopic created[m          | client_key: 0x00000001, topic_id: 0x112(2), participant_id: 0x001(1)
[35m[1786693141.390945][m info     | [34mProxyClient.cpp   [m | [37mcreate_publisher        [m | [32mpublisher created[m      | client_key: 0x00000001, publisher_id: 0x112(3), participant_id: 0x001(1)
[35m[1786693141.391097][m info     | [34mProxyClient.cpp   [m | [37mcreate_datawriter       [m | [32mdatawriter created[m     | client_key: 0x00000001, datawriter_id: 0x112(5), publisher_id: 0x112(3)
[35m[1786693141.391259][m info     | [34mProxyClient.cpp   [m | [37mcreate_topic            [m | [32mtopic created[m          | client_key: 0x00000001, topic_id: 0x116(2), participant_id: 0x001(1)
[35m[1786693141.391299][m info     | [34mProxyClient.cpp   [m | [37mcreate_publisher        [m | [32mpublisher created[m      | client_key: 0x00000001, publisher_id: 0x116(3), participant_id: 0x001(1)
[35m[1786693141.391466][m info     | [34mProxyClient.cpp   [m | [37mcreate_datawriter       [m | [32mdatawriter created[m     | client_key: 0x00000001, datawriter_id: 0x116(5), publisher_id: 0x116(3)
[35m[1786693141.391652][m info     | [34mProxyClient.cpp   [m | [37mcreate_topic            [m | [32mtopic created[m          | client_key: 0x00000001, topic_id: 0x11B(2), participant_id: 0x001(1)
[35m[1786693141.391675][m info     | [34mProxyClient.cpp   [m | [37mcreate_publisher        [m | [32mpublisher created[m      | client_key: 0x00000001, publisher_id: 0x11B(3), participant_id: 0x001(1)
[35m[1786693141.391833][m info     | [34mProxyClient.cpp   [m | [37mcreate_datawriter       [m | [32mdatawriter created[m     | client_key: 0x00000001, datawriter_id: 0x11B(5), publisher_id: 0x11B(3)
[35m[1786693141.392013][m info     | [34mProxyClient.cpp   [m | [37mcreate_topic            [m | [32mtopic created[m          | client_key: 0x00000001, topic_id: 0x120(2), participant_id: 0x001(1)
[35m[1786693141.392042][m info     | [34mProxyClient.cpp   [m | [37mcreate_publisher        [m | [32mpublisher created[m      | client_key: 0x00000001, publisher_id: 0x120(3), participant_id: 0x001(1)
[35m[1786693141.392233][m info     | [34mProxyClient.cpp   [m | [37mcreate_datawriter       [m | [32mdatawriter created[m     | client_key: 0x00000001, datawriter_id: 0x120(5), publisher_id: 0x120(3)
[35m[1786693141.392442][m info     | [34mProxyClient.cpp   [m | [37mcreate_topic            [m | [32mtopic created[m          | client_key: 0x00000001, topic_id: 0x00D(2), participant_id: 0x001(1)
[35m[1786693141.392468][m info     | [34mProxyClient.cpp   [m | [37mcreate_publisher        [m | [32mpublisher created[m      | client_key: 0x00000001, publisher_id: 0x00D(3), participant_id: 0x001(1)
[35m[1786693141.392633][m info     | [34mProxyClient.cpp   [m | [37mcreate_datawriter       [m | [32mdatawriter created[m     | client_key: 0x00000001, datawriter_id: 0x00D(5), publisher_id: 0x00D(3)
[35m[1786693141.392776][m info     | [34mProxyClient.cpp   [m | [37mcreate_topic            [m | [32mtopic created[m          | client_key: 0x00000001, topic_id: 0x129(2), participant_id: 0x001(1)
[35m[1786693141.392803][m info     | [34mProxyClient.cpp   [m | [37mcreate_publisher        [m | [32mpublisher created[m      | client_key: 0x00000001, publisher_id: 0x129(3), participant_id: 0x001(1)
[35m[1786693141.392981][m info     | [34mProxyClient.cpp   [m | [37mcreate_datawriter       [m | [32mdatawriter created[m     | client_key: 0x00000001, datawriter_id: 0x129(5), publisher_id: 0x129(3)
[35m[1786693141.393363][m info     | [34mProxyClient.cpp   [m | [37mcreate_topic            [m | [32mtopic created[m          | client_key: 0x00000001, topic_id: 0x080(2), participant_id: 0x001(1)
[35m[1786693141.393399][m info     | [34mProxyClient.cpp   [m | [37mcreate_publisher        [m | [32mpublisher created[m      | client_key: 0x00000001, publisher_id: 0x080(3), participant_id: 0x001(1)
[35m[1786693141.393569][m info     | [34mProxyClient.cpp   [m | [37mcreate_datawriter       [m | [32mdatawriter created[m     | client_key: 0x00000001, datawriter_id: 0x080(5), publisher_id: 0x080(3)
[35m[1786693141.396268][m info     | [34mProxyClient.cpp   [m | [37mcreate_topic            [m | [32mtopic created[m          | client_key: 0x00000001, topic_id: 0x12B(2), participant_id: 0x001(1)
[35m[1786693141.396300][m info     | [34mProxyClient.cpp   [m | [37mcreate_publisher        [m | [32mpublisher created[m      | client_key: 0x00000001, publisher_id: 0x12B(3), participant_id: 0x001(1)
[35m[1786693141.396467][m info     | [34mProxyClient.cpp   [m | [37mcreate_datawriter       [m | [32mdatawriter created[m     | client_key: 0x00000001, datawriter_id: 0x12B(5), publisher_id: 0x12B(3)
[35m[1786693141.396642][m info     | [34mProxyClient.cpp   [m | [37mcreate_topic            [m | [32mtopic created[m          | client_key: 0x00000001, topic_id: 0x06E(2), participant_id: 0x001(1)
[35m[1786693141.396675][m info     | [34mProxyClient.cpp   [m | [37mcreate_publisher        [m | [32mpublisher created[m      | client_key: 0x00000001, publisher_id: 0x06E(3), participant_id: 0x001(1)
[35m[1786693141.396829][m info     | [34mProxyClient.cpp   [m | [37mcreate_datawriter       [m | [32mdatawriter created[m     | client_key: 0x00000001, datawriter_id: 0x06E(5), publisher_id: 0x06E(3)
[35m[1786693141.398451][m info     | [34mProxyClient.cpp   [m | [37mcreate_replier          [m | [32mreplier created[m        | client_key: 0x00000001, requester_id: 0x800(7), participant_id: 0x001(1)
